[1.493s] DEBUG:colcon:Command line arguments: ['/usr/bin/colcon', 'build', '--symlink-install']
[1.493s] DEBUG:colcon:Parsed command line arguments: Namespace(log_base=None, log_level=None, verb_name='build', build_base='build', install_base='install', merge_install=False, symlink_install=True, test_result_base=None, continue_on_error=False, executor='parallel', parallel_workers=16, event_handlers=None, ignore_user_meta=False, metas=['./colcon.meta'], base_paths=['.'], packages_ignore=None, packages_ignore_regex=None, paths=None, packages_up_to=None, packages_up_to_regex=None, packages_above=None, packages_above_and_dependencies=None, packages_above_depth=None, packages_select_by_dep=None, packages_skip_by_dep=None, packages_skip_up_to=None, packages_select_build_failed=False, packages_skip_build_finished=False, packages_select_test_failures=False, packages_skip_test_passed=False, packages_select=None, packages_skip=None, packages_select_regex=None, packages_skip_regex=None, packages_start=None, packages_end=None, allow_overriding=[], cmake_args=None, cmake_target=None, cmake_target_skip_unavailable=False, cmake_clean_cache=False, cmake_clean_first=False, cmake_force_configure=False, ament_cmake_args=None, catkin_cmake_args=None, catkin_skip_building_tests=False, mixin_files=None, mixin=None, verb_parser=<colcon_mixin.mixin.mixin_argument.MixinArgumentDecorator object at 0x6ffefab16660>, verb_extension=<colcon_core.verb.build.BuildVerb object at 0x6ffefafe5b80>, main=<bound method BuildVerb.main of <colcon_core.verb.build.BuildVerb object at 0x6ffefafe5b80>>, mixin_verb=('build',))
[1.569s] Level 1:colcon.colcon_core.package_discovery:discover_packages(colcon_meta) check parameters
[1.569s] Level 1:colcon.colcon_core.package_discovery:discover_packages(recursive) check parameters
[1.569s] Level 1:colcon.colcon_core.package_discovery:discover_packages(ignore) check parameters
[1.569s] Level 1:colcon.colcon_core.package_discovery:discover_packages(path) check parameters
[1.569s] Level 1:colcon.colcon_core.package_discovery:discover_packages(colcon_meta) discover
[1.569s] Level 1:colcon.colcon_core.package_discovery:discover_packages(recursive) discover
[1.569s] INFO:colcon.colcon_core.package_discovery:Crawling recursively for packages in '/home/aaro/ice_resurfacer_ws/src'
[1.569s] Level 1:colcon.colcon_core.package_identification:_identify(.) by extensions ['ignore', 'ignore_ament_install']
[1.569s] Level 1:colcon.colcon_core.package_identification:_identify(.) by extension 'ignore'
[1.570s] Level 1:colcon.colcon_core.package_identification:_identify(.) by extension 'ignore_ament_install'
[1.570s] Level 1:colcon.colcon_core.package_identification:_identify(.) by extensions ['colcon_pkg']
[1.570s] Level 1:colcon.colcon_core.package_identification:_identify(.) by extension 'colcon_pkg'
[1.570s] Level 1:colcon.colcon_core.package_identification:_identify(.) by extensions ['colcon_meta']
[1.570s] Level 1:colcon.colcon_core.package_identification:_identify(.) by extension 'colcon_meta'
[1.570s] Level 1:colcon.colcon_core.package_identification:_identify(.) by extensions ['ros']
[1.570s] Level 1:colcon.colcon_core.package_identification:_identify(.) by extension 'ros'
[1.599s] Level 1:colcon.colcon_core.package_identification:_identify(.) by extensions ['cmake', 'python']
[1.599s] Level 1:colcon.colcon_core.package_identification:_identify(.) by extension 'cmake'
[1.599s] Level 1:colcon.colcon_core.package_identification:_identify(.) by extension 'python'
[1.599s] Level 1:colcon.colcon_core.package_identification:_identify(.) by extensions ['python_setup_py']
[1.599s] Level 1:colcon.colcon_core.package_identification:_identify(.) by extension 'python_setup_py'
[1.599s] Level 1:colcon.colcon_core.package_identification:_identify(build) by extensions ['ignore', 'ignore_ament_install']
[1.599s] Level 1:colcon.colcon_core.package_identification:_identify(build) by extension 'ignore'
[1.599s] Level 1:colcon.colcon_core.package_identification:_identify(build) ignored
[1.599s] Level 1:colcon.colcon_core.package_identification:_identify(documentation) by extensions ['ignore', 'ignore_ament_install']
[1.599s] Level 1:colcon.colcon_core.package_identification:_identify(documentation) by extension 'ignore'
[1.599s] Level 1:colcon.colcon_core.package_identification:_identify(documentation) by extension 'ignore_ament_install'
[1.599s] Level 1:colcon.colcon_core.package_identification:_identify(documentation) by extensions ['colcon_pkg']
[1.599s] Level 1:colcon.colcon_core.package_identification:_identify(documentation) by extension 'colcon_pkg'
[1.599s] Level 1:colcon.colcon_core.package_identification:_identify(documentation) by extensions ['colcon_meta']
[1.599s] Level 1:colcon.colcon_core.package_identification:_identify(documentation) by extension 'colcon_meta'
[1.599s] Level 1:colcon.colcon_core.package_identification:_identify(documentation) by extensions ['ros']
[1.599s] Level 1:colcon.colcon_core.package_identification:_identify(documentation) by extension 'ros'
[1.600s] Level 1:colcon.colcon_core.package_identification:_identify(documentation) by extensions ['cmake', 'python']
[1.600s] Level 1:colcon.colcon_core.package_identification:_identify(documentation) by extension 'cmake'
[1.600s] Level 1:colcon.colcon_core.package_identification:_identify(documentation) by extension 'python'
[1.600s] Level 1:colcon.colcon_core.package_identification:_identify(documentation) by extensions ['python_setup_py']
[1.600s] Level 1:colcon.colcon_core.package_identification:_identify(documentation) by extension 'python_setup_py'
[1.600s] Level 1:colcon.colcon_core.package_identification:_identify(ice_resurfacer_bringup) by extensions ['ignore', 'ignore_ament_install']
[1.600s] Level 1:colcon.colcon_core.package_identification:_identify(ice_resurfacer_bringup) by extension 'ignore'
[1.600s] Level 1:colcon.colcon_core.package_identification:_identify(ice_resurfacer_bringup) by extension 'ignore_ament_install'
[1.600s] Level 1:colcon.colcon_core.package_identification:_identify(ice_resurfacer_bringup) by extensions ['colcon_pkg']
[1.600s] Level 1:colcon.colcon_core.package_identification:_identify(ice_resurfacer_bringup) by extension 'colcon_pkg'
[1.600s] Level 1:colcon.colcon_core.package_identification:_identify(ice_resurfacer_bringup) by extensions ['colcon_meta']
[1.600s] Level 1:colcon.colcon_core.package_identification:_identify(ice_resurfacer_bringup) by extension 'colcon_meta'
[1.600s] Level 1:colcon.colcon_core.package_identification:_identify(ice_resurfacer_bringup) by extensions ['ros']
[1.600s] Level 1:colcon.colcon_core.package_identification:_identify(ice_resurfacer_bringup) by extension 'ros'
[1.600s] Level 1:colcon.colcon_core.package_identification:_identify(ice_resurfacer_bringup) by extensions ['cmake', 'python']
[1.600s] Level 1:colcon.colcon_core.package_identification:_identify(ice_resurfacer_bringup) by extension 'cmake'
[1.600s] Level 1:colcon.colcon_core.package_identification:_identify(ice_resurfacer_bringup) by extension 'python'
[1.600s] Level 1:colcon.colcon_core.package_identification:_identify(ice_resurfacer_bringup) by extensions ['python_setup_py']
[1.600s] Level 1:colcon.colcon_core.package_identification:_identify(ice_resurfacer_bringup) by extension 'python_setup_py'
[1.600s] Level 1:colcon.colcon_core.package_identification:_identify(ice_resurfacer_description) by extensions ['ignore', 'ignore_ament_install']
[1.600s] Level 1:colcon.colcon_core.package_identification:_identify(ice_resurfacer_description) by extension 'ignore'
[1.600s] Level 1:colcon.colcon_core.package_identification:_identify(ice_resurfacer_description) by extension 'ignore_ament_install'
[1.600s] Level 1:colcon.colcon_core.package_identification:_identify(ice_resurfacer_description) by extensions ['colcon_pkg']
[1.600s] Level 1:colcon.colcon_core.package_identification:_identify(ice_resurfacer_description) by extension 'colcon_pkg'
[1.600s] Level 1:colcon.colcon_core.package_identification:_identify(ice_resurfacer_description) by extensions ['colcon_meta']
[1.600s] Level 1:colcon.colcon_core.package_identification:_identify(ice_resurfacer_description) by extension 'colcon_meta'
[1.601s] Level 1:colcon.colcon_core.package_identification:_identify(ice_resurfacer_description) by extensions ['ros']
[1.601s] Level 1:colcon.colcon_core.package_identification:_identify(ice_resurfacer_description) by extension 'ros'
[1.605s] DEBUG:colcon.colcon_core.package_identification:Package 'ice_resurfacer_description' with type 'ros.ament_cmake' and name 'ice_resurfacer_description'
[1.606s] Level 1:colcon.colcon_core.package_identification:_identify(ice_resurfacer_gazebo) by extensions ['ignore', 'ignore_ament_install']
[1.606s] Level 1:colcon.colcon_core.package_identification:_identify(ice_resurfacer_gazebo) by extension 'ignore'
[1.606s] Level 1:colcon.colcon_core.package_identification:_identify(ice_resurfacer_gazebo) by extension 'ignore_ament_install'
[1.606s] Level 1:colcon.colcon_core.package_identification:_identify(ice_resurfacer_gazebo) by extensions ['colcon_pkg']
[1.606s] Level 1:colcon.colcon_core.package_identification:_identify(ice_resurfacer_gazebo) by extension 'colcon_pkg'
[1.606s] Level 1:colcon.colcon_core.package_identification:_identify(ice_resurfacer_gazebo) by extensions ['colcon_meta']
[1.606s] Level 1:colcon.colcon_core.package_identification:_identify(ice_resurfacer_gazebo) by extension 'colcon_meta'
[1.606s] Level 1:colcon.colcon_core.package_identification:_identify(ice_resurfacer_gazebo) by extensions ['ros']
[1.606s] Level 1:colcon.colcon_core.package_identification:_identify(ice_resurfacer_gazebo) by extension 'ros'
[1.606s] DEBUG:colcon.colcon_core.package_identification:Package 'ice_resurfacer_gazebo' with type 'ros.ament_cmake' and name 'ice_resurfacer_gazebo'
[1.606s] Level 1:colcon.colcon_core.package_identification:_identify(ice_resurfacer_nav) by extensions ['ignore', 'ignore_ament_install']
[1.606s] Level 1:colcon.colcon_core.package_identification:_identify(ice_resurfacer_nav) by extension 'ignore'
[1.607s] Level 1:colcon.colcon_core.package_identification:_identify(ice_resurfacer_nav) by extension 'ignore_ament_install'
[1.607s] Level 1:colcon.colcon_core.package_identification:_identify(ice_resurfacer_nav) by extensions ['colcon_pkg']
[1.607s] Level 1:colcon.colcon_core.package_identification:_identify(ice_resurfacer_nav) by extension 'colcon_pkg'
[1.607s] Level 1:colcon.colcon_core.package_identification:_identify(ice_resurfacer_nav) by extensions ['colcon_meta']
[1.607s] Level 1:colcon.colcon_core.package_identification:_identify(ice_resurfacer_nav) by extension 'colcon_meta'
[1.607s] Level 1:colcon.colcon_core.package_identification:_identify(ice_resurfacer_nav) by extensions ['ros']
[1.607s] Level 1:colcon.colcon_core.package_identification:_identify(ice_resurfacer_nav) by extension 'ros'
[1.607s] DEBUG:colcon.colcon_core.package_identification:Package 'ice_resurfacer_nav' with type 'ros.ament_cmake' and name 'ice_resurfacer_nav'
[1.607s] Level 1:colcon.colcon_core.package_identification:_identify(install) by extensions ['ignore', 'ignore_ament_install']
[1.607s] Level 1:colcon.colcon_core.package_identification:_identify(install) by extension 'ignore'
[1.607s] Level 1:colcon.colcon_core.package_identification:_identify(install) ignored
[1.607s] Level 1:colcon.colcon_core.package_identification:_identify(log) by extensions ['ignore', 'ignore_ament_install']
[1.607s] Level 1:colcon.colcon_core.package_identification:_identify(log) by extension 'ignore'
[1.607s] Level 1:colcon.colcon_core.package_identification:_identify(log) ignored
[1.607s] Level 1:colcon.colcon_core.package_identification:_identify(media) by extensions ['ignore', 'ignore_ament_install']
[1.607s] Level 1:colcon.colcon_core.package_identification:_identify(media) by extension 'ignore'
[1.607s] Level 1:colcon.colcon_core.package_identification:_identify(media) by extension 'ignore_ament_install'
[1.608s] Level 1:colcon.colcon_core.package_identification:_identify(media) by extensions ['colcon_pkg']
[1.608s] Level 1:colcon.colcon_core.package_identification:_identify(media) by extension 'colcon_pkg'
[1.608s] Level 1:colcon.colcon_core.package_identification:_identify(media) by extensions ['colcon_meta']
[1.608s] Level 1:colcon.colcon_core.package_identification:_identify(media) by extension 'colcon_meta'
[1.608s] Level 1:colcon.colcon_core.package_identification:_identify(media) by extensions ['ros']
[1.608s] Level 1:colcon.colcon_core.package_identification:_identify(media) by extension 'ros'
[1.608s] Level 1:colcon.colcon_core.package_identification:_identify(media) by extensions ['cmake', 'python']
[1.608s] Level 1:colcon.colcon_core.package_identification:_identify(media) by extension 'cmake'
[1.608s] Level 1:colcon.colcon_core.package_identification:_identify(media) by extension 'python'
[1.608s] Level 1:colcon.colcon_core.package_identification:_identify(media) by extensions ['python_setup_py']
[1.608s] Level 1:colcon.colcon_core.package_identification:_identify(media) by extension 'python_setup_py'
[1.608s] Level 1:colcon.colcon_core.package_identification:_identify(scripts) by extensions ['ignore', 'ignore_ament_install']
[1.608s] Level 1:colcon.colcon_core.package_identification:_identify(scripts) by extension 'ignore'
[1.608s] Level 1:colcon.colcon_core.package_identification:_identify(scripts) by extension 'ignore_ament_install'
[1.608s] Level 1:colcon.colcon_core.package_identification:_identify(scripts) by extensions ['colcon_pkg']
[1.608s] Level 1:colcon.colcon_core.package_identification:_identify(scripts) by extension 'colcon_pkg'
[1.608s] Level 1:colcon.colcon_core.package_identification:_identify(scripts) by extensions ['colcon_meta']
[1.608s] Level 1:colcon.colcon_core.package_identification:_identify(scripts) by extension 'colcon_meta'
[1.608s] Level 1:colcon.colcon_core.package_identification:_identify(scripts) by extensions ['ros']
[1.608s] Level 1:colcon.colcon_core.package_identification:_identify(scripts) by extension 'ros'
[1.608s] Level 1:colcon.colcon_core.package_identification:_identify(scripts) by extensions ['cmake', 'python']
[1.608s] Level 1:colcon.colcon_core.package_identification:_identify(scripts) by extension 'cmake'
[1.608s] Level 1:colcon.colcon_core.package_identification:_identify(scripts) by extension 'python'
[1.608s] Level 1:colcon.colcon_core.package_identification:_identify(scripts) by extensions ['python_setup_py']
[1.608s] Level 1:colcon.colcon_core.package_identification:_identify(scripts) by extension 'python_setup_py'
[1.608s] Level 1:colcon.colcon_core.package_identification:_identify(scripts/old) by extensions ['ignore', 'ignore_ament_install']
[1.608s] Level 1:colcon.colcon_core.package_identification:_identify(scripts/old) by extension 'ignore'
[1.609s] Level 1:colcon.colcon_core.package_identification:_identify(scripts/old) by extension 'ignore_ament_install'
[1.609s] Level 1:colcon.colcon_core.package_identification:_identify(scripts/old) by extensions ['colcon_pkg']
[1.609s] Level 1:colcon.colcon_core.package_identification:_identify(scripts/old) by extension 'colcon_pkg'
[1.609s] Level 1:colcon.colcon_core.package_identification:_identify(scripts/old) by extensions ['colcon_meta']
[1.609s] Level 1:colcon.colcon_core.package_identification:_identify(scripts/old) by extension 'colcon_meta'
[1.609s] Level 1:colcon.colcon_core.package_identification:_identify(scripts/old) by extensions ['ros']
[1.609s] Level 1:colcon.colcon_core.package_identification:_identify(scripts/old) by extension 'ros'
[1.609s] Level 1:colcon.colcon_core.package_identification:_identify(scripts/old) by extensions ['cmake', 'python']
[1.609s] Level 1:colcon.colcon_core.package_identification:_identify(scripts/old) by extension 'cmake'
[1.609s] Level 1:colcon.colcon_core.package_identification:_identify(scripts/old) by extension 'python'
[1.609s] Level 1:colcon.colcon_core.package_identification:_identify(scripts/old) by extensions ['python_setup_py']
[1.609s] Level 1:colcon.colcon_core.package_identification:_identify(scripts/old) by extension 'python_setup_py'
[1.609s] Level 1:colcon.colcon_core.package_discovery:discover_packages(recursive) using defaults
[1.609s] Level 1:colcon.colcon_core.package_discovery:discover_packages(ignore) discover
[1.609s] Level 1:colcon.colcon_core.package_discovery:discover_packages(ignore) using defaults
[1.609s] Level 1:colcon.colcon_core.package_discovery:discover_packages(path) discover
[1.609s] Level 1:colcon.colcon_core.package_discovery:discover_packages(path) using defaults
[1.694s] Level 1:colcon.colcon_core.package_discovery:discover_packages(prefix_path) check parameters
[1.694s] Level 1:colcon.colcon_core.package_discovery:discover_packages(prefix_path) discover
[1.735s] DEBUG:colcon.colcon_installed_package_information.package_discovery:Found 424 installed packages in /opt/ros/jazzy
[1.735s] Level 1:colcon.colcon_core.package_discovery:discover_packages(prefix_path) using defaults
[1.869s] Level 5:colcon.colcon_core.verb:set package 'ice_resurfacer_description' build argument 'cmake_args' from command line to 'None'
[1.869s] Level 5:colcon.colcon_core.verb:set package 'ice_resurfacer_description' build argument 'cmake_target' from command line to 'None'
[1.869s] Level 5:colcon.colcon_core.verb:set package 'ice_resurfacer_description' build argument 'cmake_target_skip_unavailable' from command line to 'False'
[1.869s] Level 5:colcon.colcon_core.verb:set package 'ice_resurfacer_description' build argument 'cmake_clean_cache' from command line to 'False'
[1.869s] Level 5:colcon.colcon_core.verb:set package 'ice_resurfacer_description' build argument 'cmake_clean_first' from command line to 'False'
[1.869s] Level 5:colcon.colcon_core.verb:set package 'ice_resurfacer_description' build argument 'cmake_force_configure' from command line to 'False'
[1.869s] Level 5:colcon.colcon_core.verb:set package 'ice_resurfacer_description' build argument 'ament_cmake_args' from command line to 'None'
[1.869s] Level 5:colcon.colcon_core.verb:set package 'ice_resurfacer_description' build argument 'catkin_cmake_args' from command line to 'None'
[1.869s] Level 5:colcon.colcon_core.verb:set package 'ice_resurfacer_description' build argument 'catkin_skip_building_tests' from command line to 'False'
[1.869s] DEBUG:colcon.colcon_core.verb:Building package 'ice_resurfacer_description' with the following arguments: {'ament_cmake_args': None, 'build_base': '/home/aaro/ice_resurfacer_ws/src/build/ice_resurfacer_description', 'catkin_cmake_args': None, 'catkin_skip_building_tests': False, 'cmake_args': None, 'cmake_clean_cache': False, 'cmake_clean_first': False, 'cmake_force_configure': False, 'cmake_target': None, 'cmake_target_skip_unavailable': False, 'install_base': '/home/aaro/ice_resurfacer_ws/src/install/ice_resurfacer_description', 'merge_install': False, 'path': '/home/aaro/ice_resurfacer_ws/src/ice_resurfacer_description', 'symlink_install': True, 'test_result_base': None}
[1.881s] Level 5:colcon.colcon_core.verb:set package 'ice_resurfacer_nav' build argument 'cmake_args' from command line to 'None'
[1.881s] Level 5:colcon.colcon_core.verb:set package 'ice_resurfacer_nav' build argument 'cmake_target' from command line to 'None'
[1.881s] Level 5:colcon.colcon_core.verb:set package 'ice_resurfacer_nav' build argument 'cmake_target_skip_unavailable' from command line to 'False'
[1.881s] Level 5:colcon.colcon_core.verb:set package 'ice_resurfacer_nav' build argument 'cmake_clean_cache' from command line to 'False'
[1.881s] Level 5:colcon.colcon_core.verb:set package 'ice_resurfacer_nav' build argument 'cmake_clean_first' from command line to 'False'
[1.881s] Level 5:colcon.colcon_core.verb:set package 'ice_resurfacer_nav' build argument 'cmake_force_configure' from command line to 'False'
[1.881s] Level 5:colcon.colcon_core.verb:set package 'ice_resurfacer_nav' build argument 'ament_cmake_args' from command line to 'None'
[1.881s] Level 5:colcon.colcon_core.verb:set package 'ice_resurfacer_nav' build argument 'catkin_cmake_args' from command line to 'None'
[1.881s] Level 5:colcon.colcon_core.verb:set package 'ice_resurfacer_nav' build argument 'catkin_skip_building_tests' from command line to 'False'
[1.881s] DEBUG:colcon.colcon_core.verb:Building package 'ice_resurfacer_nav' with the following arguments: {'ament_cmake_args': None, 'build_base': '/home/aaro/ice_resurfacer_ws/src/build/ice_resurfacer_nav', 'catkin_cmake_args': None, 'catkin_skip_building_tests': False, 'cmake_args': None, 'cmake_clean_cache': False, 'cmake_clean_first': False, 'cmake_force_configure': False, 'cmake_target': None, 'cmake_target_skip_unavailable': False, 'install_base': '/home/aaro/ice_resurfacer_ws/src/install/ice_resurfacer_nav', 'merge_install': False, 'path': '/home/aaro/ice_resurfacer_ws/src/ice_resurfacer_nav', 'symlink_install': True, 'test_result_base': None}
[1.892s] Level 5:colcon.colcon_core.verb:set package 'ice_resurfacer_gazebo' build argument 'cmake_args' from command line to 'None'
[1.892s] Level 5:colcon.colcon_core.verb:set package 'ice_resurfacer_gazebo' build argument 'cmake_target' from command line to 'None'
[1.892s] Level 5:colcon.colcon_core.verb:set package 'ice_resurfacer_gazebo' build argument 'cmake_target_skip_unavailable' from command line to 'False'
[1.892s] Level 5:colcon.colcon_core.verb:set package 'ice_resurfacer_gazebo' build argument 'cmake_clean_cache' from command line to 'False'
[1.892s] Level 5:colcon.colcon_core.verb:set package 'ice_resurfacer_gazebo' build argument 'cmake_clean_first' from command line to 'False'
[1.892s] Level 5:colcon.colcon_core.verb:set package 'ice_resurfacer_gazebo' build argument 'cmake_force_configure' from command line to 'False'
[1.892s] Level 5:colcon.colcon_core.verb:set package 'ice_resurfacer_gazebo' build argument 'ament_cmake_args' from command line to 'None'
[1.892s] Level 5:colcon.colcon_core.verb:set package 'ice_resurfacer_gazebo' build argument 'catkin_cmake_args' from command line to 'None'
[1.893s] Level 5:colcon.colcon_core.verb:set package 'ice_resurfacer_gazebo' build argument 'catkin_skip_building_tests' from command line to 'False'
[1.893s] DEBUG:colcon.colcon_core.verb:Building package 'ice_resurfacer_gazebo' with the following arguments: {'ament_cmake_args': None, 'build_base': '/home/aaro/ice_resurfacer_ws/src/build/ice_resurfacer_gazebo', 'catkin_cmake_args': None, 'catkin_skip_building_tests': False, 'cmake_args': None, 'cmake_clean_cache': False, 'cmake_clean_first': False, 'cmake_force_configure': False, 'cmake_target': None, 'cmake_target_skip_unavailable': False, 'install_base': '/home/aaro/ice_resurfacer_ws/src/install/ice_resurfacer_gazebo', 'merge_install': False, 'path': '/home/aaro/ice_resurfacer_ws/src/ice_resurfacer_gazebo', 'symlink_install': True, 'test_result_base': None}
[1.904s] INFO:colcon.colcon_core.executor:Executing jobs using 'parallel' executor
[1.918s] DEBUG:colcon.colcon_parallel_executor.executor.parallel:run_until_complete
[1.919s] INFO:colcon.colcon_ros.task.ament_cmake.build:Building ROS package in '/home/aaro/ice_resurfacer_ws/src/ice_resurfacer_description' with build type 'ament_cmake'
[1.919s] INFO:colcon.colcon_cmake.task.cmake.build:Building CMake package in '/home/aaro/ice_resurfacer_ws/src/ice_resurfacer_description'
[1.937s] INFO:colcon.colcon_core.plugin_system:Skipping extension 'colcon_core.shell.bat': Not used on non-Windows systems
[1.937s] INFO:colcon.colcon_core.shell:Skip shell extension 'powershell' for command environment: Not usable outside of PowerShell
[1.937s] DEBUG:colcon.colcon_core.shell:Skip shell extension 'dsv' for command environment
[1.966s] INFO:colcon.colcon_ros.task.ament_cmake.build:Building ROS package in '/home/aaro/ice_resurfacer_ws/src/ice_resurfacer_nav' with build type 'ament_cmake'
[1.966s] INFO:colcon.colcon_cmake.task.cmake.build:Building CMake package in '/home/aaro/ice_resurfacer_ws/src/ice_resurfacer_nav'
[1.979s] INFO:colcon.colcon_core.shell:Skip shell extension 'powershell' for command environment: Not usable outside of PowerShell
[1.979s] DEBUG:colcon.colcon_core.shell:Skip shell extension 'dsv' for command environment
[2.011s] DEBUG:colcon.colcon_core.event_handler.log_command:Invoking command in '/home/aaro/ice_resurfacer_ws/src/build/ice_resurfacer_description': CMAKE_PREFIX_PATH=${CMAKE_PREFIX_PATH}:/opt/ros/jazzy /usr/bin/cmake --build /home/aaro/ice_resurfacer_ws/src/build/ice_resurfacer_description -- -j16 -l16
[2.019s] DEBUG:colcon.colcon_core.event_handler.log_command:Invoking command in '/home/aaro/ice_resurfacer_ws/src/build/ice_resurfacer_nav': CMAKE_PREFIX_PATH=${CMAKE_PREFIX_PATH}:/opt/ros/jazzy /usr/bin/cmake --build /home/aaro/ice_resurfacer_ws/src/build/ice_resurfacer_nav -- -j16 -l16
[2.110s] DEBUG:colcon.colcon_core.event_handler.log_command:Invoked command in '/home/aaro/ice_resurfacer_ws/src/build/ice_resurfacer_nav' returned '0': CMAKE_PREFIX_PATH=${CMAKE_PREFIX_PATH}:/opt/ros/jazzy /usr/bin/cmake --build /home/aaro/ice_resurfacer_ws/src/build/ice_resurfacer_nav -- -j16 -l16
[2.111s] DEBUG:colcon.colcon_core.event_handler.log_command:Invoked command in '/home/aaro/ice_resurfacer_ws/src/build/ice_resurfacer_description' returned '0': CMAKE_PREFIX_PATH=${CMAKE_PREFIX_PATH}:/opt/ros/jazzy /usr/bin/cmake --build /home/aaro/ice_resurfacer_ws/src/build/ice_resurfacer_description -- -j16 -l16
[2.140s] DEBUG:colcon.colcon_core.event_handler.log_command:Invoking command in '/home/aaro/ice_resurfacer_ws/src/build/ice_resurfacer_description': CMAKE_PREFIX_PATH=${CMAKE_PREFIX_PATH}:/opt/ros/jazzy /usr/bin/cmake --install /home/aaro/ice_resurfacer_ws/src/build/ice_resurfacer_description
[2.143s] DEBUG:colcon.colcon_core.event_handler.log_command:Invoking command in '/home/aaro/ice_resurfacer_ws/src/build/ice_resurfacer_nav': CMAKE_PREFIX_PATH=${CMAKE_PREFIX_PATH}:/opt/ros/jazzy /usr/bin/cmake --install /home/aaro/ice_resurfacer_ws/src/build/ice_resurfacer_nav
[2.193s] Level 1:colcon.colcon_core.environment:create_environment_scripts_only(ice_resurfacer_description)
[2.193s] DEBUG:colcon.colcon_core.event_handler.log_command:Invoked command in '/home/aaro/ice_resurfacer_ws/src/build/ice_resurfacer_description' returned '0': CMAKE_PREFIX_PATH=${CMAKE_PREFIX_PATH}:/opt/ros/jazzy /usr/bin/cmake --install /home/aaro/ice_resurfacer_ws/src/build/ice_resurfacer_description
[2.215s] Level 1:colcon.colcon_core.environment:checking '/home/aaro/ice_resurfacer_ws/src/install/ice_resurfacer_description' for CMake module files
[2.216s] Level 1:colcon.colcon_core.environment:checking '/home/aaro/ice_resurfacer_ws/src/install/ice_resurfacer_description' for CMake config files
[2.216s] Level 1:colcon.colcon_core.shell:create_environment_hook('ice_resurfacer_description', 'cmake_prefix_path')
[2.231s] INFO:colcon.colcon_core.shell:Creating environment hook '/home/aaro/ice_resurfacer_ws/src/install/ice_resurfacer_description/share/ice_resurfacer_description/hook/cmake_prefix_path.ps1'
[2.232s] INFO:colcon.colcon_core.shell:Creating environment descriptor '/home/aaro/ice_resurfacer_ws/src/install/ice_resurfacer_description/share/ice_resurfacer_description/hook/cmake_prefix_path.dsv'
[2.232s] INFO:colcon.colcon_core.shell:Creating environment hook '/home/aaro/ice_resurfacer_ws/src/install/ice_resurfacer_description/share/ice_resurfacer_description/hook/cmake_prefix_path.sh'
[2.233s] Level 1:colcon.colcon_core.environment:checking '/home/aaro/ice_resurfacer_ws/src/install/ice_resurfacer_description/bin'
[2.233s] Level 1:colcon.colcon_core.environment:checking '/home/aaro/ice_resurfacer_ws/src/install/ice_resurfacer_description/lib/pkgconfig/ice_resurfacer_description.pc'
[2.233s] Level 1:colcon.colcon_core.environment:checking '/home/aaro/ice_resurfacer_ws/src/install/ice_resurfacer_description/lib/python3.12/site-packages'
[2.234s] Level 1:colcon.colcon_core.environment:checking '/home/aaro/ice_resurfacer_ws/src/install/ice_resurfacer_description/bin'
[2.248s] INFO:colcon.colcon_core.shell:Creating package script '/home/aaro/ice_resurfacer_ws/src/install/ice_resurfacer_description/share/ice_resurfacer_description/package.ps1'
[2.250s] INFO:colcon.colcon_core.shell:Creating package descriptor '/home/aaro/ice_resurfacer_ws/src/install/ice_resurfacer_description/share/ice_resurfacer_description/package.dsv'
[2.251s] INFO:colcon.colcon_core.shell:Creating package script '/home/aaro/ice_resurfacer_ws/src/install/ice_resurfacer_description/share/ice_resurfacer_description/package.sh'
[2.251s] INFO:colcon.colcon_core.shell:Creating package script '/home/aaro/ice_resurfacer_ws/src/install/ice_resurfacer_description/share/ice_resurfacer_description/package.bash'
[2.252s] INFO:colcon.colcon_core.shell:Creating package script '/home/aaro/ice_resurfacer_ws/src/install/ice_resurfacer_description/share/ice_resurfacer_description/package.zsh'
[2.252s] Level 1:colcon.colcon_core.environment:create_file_with_runtime_dependencies(/home/aaro/ice_resurfacer_ws/src/install/ice_resurfacer_description/share/colcon-core/packages/ice_resurfacer_description)
[2.288s] Level 1:colcon.colcon_core.environment:create_environment_scripts_only(ice_resurfacer_description)
[2.303s] Level 1:colcon.colcon_core.environment:checking '/home/aaro/ice_resurfacer_ws/src/install/ice_resurfacer_description' for CMake module files
[2.303s] Level 1:colcon.colcon_core.environment:checking '/home/aaro/ice_resurfacer_ws/src/install/ice_resurfacer_description' for CMake config files
[2.303s] Level 1:colcon.colcon_core.shell:create_environment_hook('ice_resurfacer_description', 'cmake_prefix_path')
[2.317s] INFO:colcon.colcon_core.shell:Creating environment hook '/home/aaro/ice_resurfacer_ws/src/install/ice_resurfacer_description/share/ice_resurfacer_description/hook/cmake_prefix_path.ps1'
[2.317s] INFO:colcon.colcon_core.shell:Creating environment descriptor '/home/aaro/ice_resurfacer_ws/src/install/ice_resurfacer_description/share/ice_resurfacer_description/hook/cmake_prefix_path.dsv'
[2.317s] INFO:colcon.colcon_core.shell:Creating environment hook '/home/aaro/ice_resurfacer_ws/src/install/ice_resurfacer_description/share/ice_resurfacer_description/hook/cmake_prefix_path.sh'
[2.318s] Level 1:colcon.colcon_core.environment:checking '/home/aaro/ice_resurfacer_ws/src/install/ice_resurfacer_description/bin'
[2.318s] Level 1:colcon.colcon_core.environment:checking '/home/aaro/ice_resurfacer_ws/src/install/ice_resurfacer_description/lib/pkgconfig/ice_resurfacer_description.pc'
[2.318s] Level 1:colcon.colcon_core.environment:checking '/home/aaro/ice_resurfacer_ws/src/install/ice_resurfacer_description/lib/python3.12/site-packages'
[2.318s] Level 1:colcon.colcon_core.environment:checking '/home/aaro/ice_resurfacer_ws/src/install/ice_resurfacer_description/bin'
[2.330s] INFO:colcon.colcon_core.shell:Creating package script '/home/aaro/ice_resurfacer_ws/src/install/ice_resurfacer_description/share/ice_resurfacer_description/package.ps1'
[2.331s] INFO:colcon.colcon_core.shell:Creating package descriptor '/home/aaro/ice_resurfacer_ws/src/install/ice_resurfacer_description/share/ice_resurfacer_description/package.dsv'
[2.331s] INFO:colcon.colcon_core.shell:Creating package script '/home/aaro/ice_resurfacer_ws/src/install/ice_resurfacer_description/share/ice_resurfacer_description/package.sh'
[2.332s] INFO:colcon.colcon_core.shell:Creating package script '/home/aaro/ice_resurfacer_ws/src/install/ice_resurfacer_description/share/ice_resurfacer_description/package.bash'
[2.332s] INFO:colcon.colcon_core.shell:Creating package script '/home/aaro/ice_resurfacer_ws/src/install/ice_resurfacer_description/share/ice_resurfacer_description/package.zsh'
[2.332s] Level 1:colcon.colcon_core.environment:create_file_with_runtime_dependencies(/home/aaro/ice_resurfacer_ws/src/install/ice_resurfacer_description/share/colcon-core/packages/ice_resurfacer_description)
[2.333s] INFO:colcon.colcon_ros.task.ament_cmake.build:Building ROS package in '/home/aaro/ice_resurfacer_ws/src/ice_resurfacer_gazebo' with build type 'ament_cmake'
[2.333s] INFO:colcon.colcon_cmake.task.cmake.build:Building CMake package in '/home/aaro/ice_resurfacer_ws/src/ice_resurfacer_gazebo'
[2.347s] INFO:colcon.colcon_core.shell:Skip shell extension 'powershell' for command environment: Not usable outside of PowerShell
[2.347s] DEBUG:colcon.colcon_core.shell:Skip shell extension 'dsv' for command environment
[2.376s] Level 1:colcon.colcon_core.environment:create_environment_scripts_only(ice_resurfacer_nav)
[2.376s] DEBUG:colcon.colcon_core.event_handler.log_command:Invoked command in '/home/aaro/ice_resurfacer_ws/src/build/ice_resurfacer_nav' returned '0': CMAKE_PREFIX_PATH=${CMAKE_PREFIX_PATH}:/opt/ros/jazzy /usr/bin/cmake --install /home/aaro/ice_resurfacer_ws/src/build/ice_resurfacer_nav
[2.389s] Level 1:colcon.colcon_core.environment:checking '/home/aaro/ice_resurfacer_ws/src/install/ice_resurfacer_nav' for CMake module files
[2.390s] Level 1:colcon.colcon_core.environment:checking '/home/aaro/ice_resurfacer_ws/src/install/ice_resurfacer_nav' for CMake config files
[2.390s] Level 1:colcon.colcon_core.shell:create_environment_hook('ice_resurfacer_nav', 'cmake_prefix_path')
[2.404s] INFO:colcon.colcon_core.shell:Creating environment hook '/home/aaro/ice_resurfacer_ws/src/install/ice_resurfacer_nav/share/ice_resurfacer_nav/hook/cmake_prefix_path.ps1'
[2.405s] INFO:colcon.colcon_core.shell:Creating environment descriptor '/home/aaro/ice_resurfacer_ws/src/install/ice_resurfacer_nav/share/ice_resurfacer_nav/hook/cmake_prefix_path.dsv'
[2.405s] INFO:colcon.colcon_core.shell:Creating environment hook '/home/aaro/ice_resurfacer_ws/src/install/ice_resurfacer_nav/share/ice_resurfacer_nav/hook/cmake_prefix_path.sh'
[2.405s] Level 1:colcon.colcon_core.environment:checking '/home/aaro/ice_resurfacer_ws/src/install/ice_resurfacer_nav/bin'
[2.405s] Level 1:colcon.colcon_core.environment:checking '/home/aaro/ice_resurfacer_ws/src/install/ice_resurfacer_nav/lib/pkgconfig/ice_resurfacer_nav.pc'
[2.406s] Level 1:colcon.colcon_core.environment:checking '/home/aaro/ice_resurfacer_ws/src/install/ice_resurfacer_nav/lib/python3.12/site-packages'
[2.406s] Level 1:colcon.colcon_core.environment:checking '/home/aaro/ice_resurfacer_ws/src/install/ice_resurfacer_nav/bin'
[2.418s] INFO:colcon.colcon_core.shell:Creating package script '/home/aaro/ice_resurfacer_ws/src/install/ice_resurfacer_nav/share/ice_resurfacer_nav/package.ps1'
[2.418s] INFO:colcon.colcon_core.shell:Creating package descriptor '/home/aaro/ice_resurfacer_ws/src/install/ice_resurfacer_nav/share/ice_resurfacer_nav/package.dsv'
[2.419s] INFO:colcon.colcon_core.shell:Creating package script '/home/aaro/ice_resurfacer_ws/src/install/ice_resurfacer_nav/share/ice_resurfacer_nav/package.sh'
[2.419s] INFO:colcon.colcon_core.shell:Creating package script '/home/aaro/ice_resurfacer_ws/src/install/ice_resurfacer_nav/share/ice_resurfacer_nav/package.bash'
[2.419s] INFO:colcon.colcon_core.shell:Creating package script '/home/aaro/ice_resurfacer_ws/src/install/ice_resurfacer_nav/share/ice_resurfacer_nav/package.zsh'
[2.420s] Level 1:colcon.colcon_core.environment:create_file_with_runtime_dependencies(/home/aaro/ice_resurfacer_ws/src/install/ice_resurfacer_nav/share/colcon-core/packages/ice_resurfacer_nav)
[2.423s] DEBUG:colcon.colcon_core.event_handler.log_command:Invoking command in '/home/aaro/ice_resurfacer_ws/src/build/ice_resurfacer_gazebo': AMENT_PREFIX_PATH=/home/aaro/ice_resurfacer_ws/src/install/ice_resurfacer_description:${AMENT_PREFIX_PATH} CMAKE_PREFIX_PATH=/home/aaro/ice_resurfacer_ws/src/install/ice_resurfacer_description:/opt/ros/jazzy/opt/gz_sim_vendor:/opt/ros/jazzy/opt/gz_sensors_vendor:/opt/ros/jazzy/opt/gz_physics_vendor:/opt/ros/jazzy/opt/sdformat_vendor:/opt/ros/jazzy/opt/gz_gui_vendor:/opt/ros/jazzy/opt/gz_transport_vendor:/opt/ros/jazzy/opt/gz_rendering_vendor:/opt/ros/jazzy/opt/gz_plugin_vendor:/opt/ros/jazzy/opt/gz_fuel_tools_vendor:/opt/ros/jazzy/opt/gz_msgs_vendor:/opt/ros/jazzy/opt/gz_common_vendor:/opt/ros/jazzy/opt/gz_math_vendor:/opt/ros/jazzy/opt/gz_utils_vendor:/opt/ros/jazzy/opt/gz_tools_vendor:/opt/ros/jazzy/opt/gz_ogre_next_vendor:/opt/ros/jazzy/opt/gz_dartsim_vendor:/opt/ros/jazzy/opt/gz_cmake_vendor:/opt/ros/jazzy /usr/bin/cmake --build /home/aaro/ice_resurfacer_ws/src/build/ice_resurfacer_gazebo -- -j16 -l16
[2.452s] Level 1:colcon.colcon_core.environment:create_environment_scripts_only(ice_resurfacer_nav)
[2.466s] Level 1:colcon.colcon_core.environment:checking '/home/aaro/ice_resurfacer_ws/src/install/ice_resurfacer_nav' for CMake module files
[2.466s] Level 1:colcon.colcon_core.environment:checking '/home/aaro/ice_resurfacer_ws/src/install/ice_resurfacer_nav' for CMake config files
[2.466s] Level 1:colcon.colcon_core.shell:create_environment_hook('ice_resurfacer_nav', 'cmake_prefix_path')
[2.479s] INFO:colcon.colcon_core.shell:Creating environment hook '/home/aaro/ice_resurfacer_ws/src/install/ice_resurfacer_nav/share/ice_resurfacer_nav/hook/cmake_prefix_path.ps1'
[2.479s] INFO:colcon.colcon_core.shell:Creating environment descriptor '/home/aaro/ice_resurfacer_ws/src/install/ice_resurfacer_nav/share/ice_resurfacer_nav/hook/cmake_prefix_path.dsv'
[2.480s] INFO:colcon.colcon_core.shell:Creating environment hook '/home/aaro/ice_resurfacer_ws/src/install/ice_resurfacer_nav/share/ice_resurfacer_nav/hook/cmake_prefix_path.sh'
[2.480s] Level 1:colcon.colcon_core.environment:checking '/home/aaro/ice_resurfacer_ws/src/install/ice_resurfacer_nav/bin'
[2.480s] Level 1:colcon.colcon_core.environment:checking '/home/aaro/ice_resurfacer_ws/src/install/ice_resurfacer_nav/lib/pkgconfig/ice_resurfacer_nav.pc'
[2.481s] Level 1:colcon.colcon_core.environment:checking '/home/aaro/ice_resurfacer_ws/src/install/ice_resurfacer_nav/lib/python3.12/site-packages'
[2.481s] Level 1:colcon.colcon_core.environment:checking '/home/aaro/ice_resurfacer_ws/src/install/ice_resurfacer_nav/bin'
[2.493s] INFO:colcon.colcon_core.shell:Creating package script '/home/aaro/ice_resurfacer_ws/src/install/ice_resurfacer_nav/share/ice_resurfacer_nav/package.ps1'
[2.493s] INFO:colcon.colcon_core.shell:Creating package descriptor '/home/aaro/ice_resurfacer_ws/src/install/ice_resurfacer_nav/share/ice_resurfacer_nav/package.dsv'
[2.494s] INFO:colcon.colcon_core.shell:Creating package script '/home/aaro/ice_resurfacer_ws/src/install/ice_resurfacer_nav/share/ice_resurfacer_nav/package.sh'
[2.494s] INFO:colcon.colcon_core.shell:Creating package script '/home/aaro/ice_resurfacer_ws/src/install/ice_resurfacer_nav/share/ice_resurfacer_nav/package.bash'
[2.494s] INFO:colcon.colcon_core.shell:Creating package script '/home/aaro/ice_resurfacer_ws/src/install/ice_resurfacer_nav/share/ice_resurfacer_nav/package.zsh'
[2.495s] Level 1:colcon.colcon_core.environment:create_file_with_runtime_dependencies(/home/aaro/ice_resurfacer_ws/src/install/ice_resurfacer_nav/share/colcon-core/packages/ice_resurfacer_nav)
[2.753s] DEBUG:colcon.colcon_core.event_handler.log_command:Invoked command in '/home/aaro/ice_resurfacer_ws/src/build/ice_resurfacer_gazebo' returned '0': AMENT_PREFIX_PATH=/home/aaro/ice_resurfacer_ws/src/install/ice_resurfacer_description:${AMENT_PREFIX_PATH} CMAKE_PREFIX_PATH=/home/aaro/ice_resurfacer_ws/src/install/ice_resurfacer_description:/opt/ros/jazzy/opt/gz_sim_vendor:/opt/ros/jazzy/opt/gz_sensors_vendor:/opt/ros/jazzy/opt/gz_physics_vendor:/opt/ros/jazzy/opt/sdformat_vendor:/opt/ros/jazzy/opt/gz_gui_vendor:/opt/ros/jazzy/opt/gz_transport_vendor:/opt/ros/jazzy/opt/gz_rendering_vendor:/opt/ros/jazzy/opt/gz_plugin_vendor:/opt/ros/jazzy/opt/gz_fuel_tools_vendor:/opt/ros/jazzy/opt/gz_msgs_vendor:/opt/ros/jazzy/opt/gz_common_vendor:/opt/ros/jazzy/opt/gz_math_vendor:/opt/ros/jazzy/opt/gz_utils_vendor:/opt/ros/jazzy/opt/gz_tools_vendor:/opt/ros/jazzy/opt/gz_ogre_next_vendor:/opt/ros/jazzy/opt/gz_dartsim_vendor:/opt/ros/jazzy/opt/gz_cmake_vendor:/opt/ros/jazzy /usr/bin/cmake --build /home/aaro/ice_resurfacer_ws/src/build/ice_resurfacer_gazebo -- -j16 -l16
[2.771s] DEBUG:colcon.colcon_core.event_handler.log_command:Invoking command in '/home/aaro/ice_resurfacer_ws/src/build/ice_resurfacer_gazebo': AMENT_PREFIX_PATH=/home/aaro/ice_resurfacer_ws/src/install/ice_resurfacer_description:${AMENT_PREFIX_PATH} CMAKE_PREFIX_PATH=/home/aaro/ice_resurfacer_ws/src/install/ice_resurfacer_description:/opt/ros/jazzy/opt/gz_sim_vendor:/opt/ros/jazzy/opt/gz_sensors_vendor:/opt/ros/jazzy/opt/gz_physics_vendor:/opt/ros/jazzy/opt/sdformat_vendor:/opt/ros/jazzy/opt/gz_gui_vendor:/opt/ros/jazzy/opt/gz_transport_vendor:/opt/ros/jazzy/opt/gz_rendering_vendor:/opt/ros/jazzy/opt/gz_plugin_vendor:/opt/ros/jazzy/opt/gz_fuel_tools_vendor:/opt/ros/jazzy/opt/gz_msgs_vendor:/opt/ros/jazzy/opt/gz_common_vendor:/opt/ros/jazzy/opt/gz_math_vendor:/opt/ros/jazzy/opt/gz_utils_vendor:/opt/ros/jazzy/opt/gz_tools_vendor:/opt/ros/jazzy/opt/gz_ogre_next_vendor:/opt/ros/jazzy/opt/gz_dartsim_vendor:/opt/ros/jazzy/opt/gz_cmake_vendor:/opt/ros/jazzy /usr/bin/cmake --install /home/aaro/ice_resurfacer_ws/src/build/ice_resurfacer_gazebo
[2.922s] Level 1:colcon.colcon_core.environment:create_environment_scripts_only(ice_resurfacer_gazebo)
[2.923s] DEBUG:colcon.colcon_core.event_handler.log_command:Invoked command in '/home/aaro/ice_resurfacer_ws/src/build/ice_resurfacer_gazebo' returned '0': AMENT_PREFIX_PATH=/home/aaro/ice_resurfacer_ws/src/install/ice_resurfacer_description:${AMENT_PREFIX_PATH} CMAKE_PREFIX_PATH=/home/aaro/ice_resurfacer_ws/src/install/ice_resurfacer_description:/opt/ros/jazzy/opt/gz_sim_vendor:/opt/ros/jazzy/opt/gz_sensors_vendor:/opt/ros/jazzy/opt/gz_physics_vendor:/opt/ros/jazzy/opt/sdformat_vendor:/opt/ros/jazzy/opt/gz_gui_vendor:/opt/ros/jazzy/opt/gz_transport_vendor:/opt/ros/jazzy/opt/gz_rendering_vendor:/opt/ros/jazzy/opt/gz_plugin_vendor:/opt/ros/jazzy/opt/gz_fuel_tools_vendor:/opt/ros/jazzy/opt/gz_msgs_vendor:/opt/ros/jazzy/opt/gz_common_vendor:/opt/ros/jazzy/opt/gz_math_vendor:/opt/ros/jazzy/opt/gz_utils_vendor:/opt/ros/jazzy/opt/gz_tools_vendor:/opt/ros/jazzy/opt/gz_ogre_next_vendor:/opt/ros/jazzy/opt/gz_dartsim_vendor:/opt/ros/jazzy/opt/gz_cmake_vendor:/opt/ros/jazzy /usr/bin/cmake --install /home/aaro/ice_resurfacer_ws/src/build/ice_resurfacer_gazebo
[2.936s] Level 1:colcon.colcon_core.environment:checking '/home/aaro/ice_resurfacer_ws/src/install/ice_resurfacer_gazebo' for CMake module files
[2.936s] Level 1:colcon.colcon_core.environment:checking '/home/aaro/ice_resurfacer_ws/src/install/ice_resurfacer_gazebo' for CMake config files
[2.937s] Level 1:colcon.colcon_core.shell:create_environment_hook('ice_resurfacer_gazebo', 'cmake_prefix_path')
[2.948s] INFO:colcon.colcon_core.shell:Creating environment hook '/home/aaro/ice_resurfacer_ws/src/install/ice_resurfacer_gazebo/share/ice_resurfacer_gazebo/hook/cmake_prefix_path.ps1'
[2.949s] INFO:colcon.colcon_core.shell:Creating environment descriptor '/home/aaro/ice_resurfacer_ws/src/install/ice_resurfacer_gazebo/share/ice_resurfacer_gazebo/hook/cmake_prefix_path.dsv'
[2.949s] INFO:colcon.colcon_core.shell:Creating environment hook '/home/aaro/ice_resurfacer_ws/src/install/ice_resurfacer_gazebo/share/ice_resurfacer_gazebo/hook/cmake_prefix_path.sh'
[2.950s] Level 1:colcon.colcon_core.environment:checking '/home/aaro/ice_resurfacer_ws/src/install/ice_resurfacer_gazebo/bin'
[2.950s] Level 1:colcon.colcon_core.environment:checking '/home/aaro/ice_resurfacer_ws/src/install/ice_resurfacer_gazebo/lib/pkgconfig/ice_resurfacer_gazebo.pc'
[2.950s] Level 1:colcon.colcon_core.environment:checking '/home/aaro/ice_resurfacer_ws/src/install/ice_resurfacer_gazebo/lib/python3.12/site-packages'
[2.950s] Level 1:colcon.colcon_core.environment:checking '/home/aaro/ice_resurfacer_ws/src/install/ice_resurfacer_gazebo/bin'
[2.963s] INFO:colcon.colcon_core.shell:Creating package script '/home/aaro/ice_resurfacer_ws/src/install/ice_resurfacer_gazebo/share/ice_resurfacer_gazebo/package.ps1'
[2.964s] INFO:colcon.colcon_core.shell:Creating package descriptor '/home/aaro/ice_resurfacer_ws/src/install/ice_resurfacer_gazebo/share/ice_resurfacer_gazebo/package.dsv'
[2.964s] INFO:colcon.colcon_core.shell:Creating package script '/home/aaro/ice_resurfacer_ws/src/install/ice_resurfacer_gazebo/share/ice_resurfacer_gazebo/package.sh'
[2.964s] INFO:colcon.colcon_core.shell:Creating package script '/home/aaro/ice_resurfacer_ws/src/install/ice_resurfacer_gazebo/share/ice_resurfacer_gazebo/package.bash'
[2.965s] INFO:colcon.colcon_core.shell:Creating package script '/home/aaro/ice_resurfacer_ws/src/install/ice_resurfacer_gazebo/share/ice_resurfacer_gazebo/package.zsh'
[2.965s] Level 1:colcon.colcon_core.environment:create_file_with_runtime_dependencies(/home/aaro/ice_resurfacer_ws/src/install/ice_resurfacer_gazebo/share/colcon-core/packages/ice_resurfacer_gazebo)
[2.995s] Level 1:colcon.colcon_core.environment:create_environment_scripts_only(ice_resurfacer_gazebo)
[3.007s] Level 1:colcon.colcon_core.environment:checking '/home/aaro/ice_resurfacer_ws/src/install/ice_resurfacer_gazebo' for CMake module files
[3.008s] Level 1:colcon.colcon_core.environment:checking '/home/aaro/ice_resurfacer_ws/src/install/ice_resurfacer_gazebo' for CMake config files
[3.008s] Level 1:colcon.colcon_core.shell:create_environment_hook('ice_resurfacer_gazebo', 'cmake_prefix_path')
[3.019s] INFO:colcon.colcon_core.shell:Creating environment hook '/home/aaro/ice_resurfacer_ws/src/install/ice_resurfacer_gazebo/share/ice_resurfacer_gazebo/hook/cmake_prefix_path.ps1'
[3.020s] INFO:colcon.colcon_core.shell:Creating environment descriptor '/home/aaro/ice_resurfacer_ws/src/install/ice_resurfacer_gazebo/share/ice_resurfacer_gazebo/hook/cmake_prefix_path.dsv'
[3.020s] INFO:colcon.colcon_core.shell:Creating environment hook '/home/aaro/ice_resurfacer_ws/src/install/ice_resurfacer_gazebo/share/ice_resurfacer_gazebo/hook/cmake_prefix_path.sh'
[3.021s] Level 1:colcon.colcon_core.environment:checking '/home/aaro/ice_resurfacer_ws/src/install/ice_resurfacer_gazebo/bin'
[3.021s] Level 1:colcon.colcon_core.environment:checking '/home/aaro/ice_resurfacer_ws/src/install/ice_resurfacer_gazebo/lib/pkgconfig/ice_resurfacer_gazebo.pc'
[3.021s] Level 1:colcon.colcon_core.environment:checking '/home/aaro/ice_resurfacer_ws/src/install/ice_resurfacer_gazebo/lib/python3.12/site-packages'
[3.021s] Level 1:colcon.colcon_core.environment:checking '/home/aaro/ice_resurfacer_ws/src/install/ice_resurfacer_gazebo/bin'
[3.034s] INFO:colcon.colcon_core.shell:Creating package script '/home/aaro/ice_resurfacer_ws/src/install/ice_resurfacer_gazebo/share/ice_resurfacer_gazebo/package.ps1'
[3.034s] INFO:colcon.colcon_core.shell:Creating package descriptor '/home/aaro/ice_resurfacer_ws/src/install/ice_resurfacer_gazebo/share/ice_resurfacer_gazebo/package.dsv'
[3.035s] INFO:colcon.colcon_core.shell:Creating package script '/home/aaro/ice_resurfacer_ws/src/install/ice_resurfacer_gazebo/share/ice_resurfacer_gazebo/package.sh'
[3.035s] INFO:colcon.colcon_core.shell:Creating package script '/home/aaro/ice_resurfacer_ws/src/install/ice_resurfacer_gazebo/share/ice_resurfacer_gazebo/package.bash'
[3.035s] INFO:colcon.colcon_core.shell:Creating package script '/home/aaro/ice_resurfacer_ws/src/install/ice_resurfacer_gazebo/share/ice_resurfacer_gazebo/package.zsh'
[3.035s] Level 1:colcon.colcon_core.environment:create_file_with_runtime_dependencies(/home/aaro/ice_resurfacer_ws/src/install/ice_resurfacer_gazebo/share/colcon-core/packages/ice_resurfacer_gazebo)
[3.036s] DEBUG:colcon.colcon_parallel_executor.executor.parallel:closing loop
[3.036s] DEBUG:colcon.colcon_parallel_executor.executor.parallel:loop closed
[3.036s] DEBUG:colcon.colcon_parallel_executor.executor.parallel:run_until_complete finished with '0'
[3.037s] DEBUG:colcon.colcon_core.event_reactor:joining thread
[3.063s] INFO:colcon.colcon_core.plugin_system:Skipping extension 'colcon_notification.desktop_notification.terminal_notifier': Not used on non-Darwin systems
[3.063s] INFO:colcon.colcon_core.plugin_system:Skipping extension 'colcon_notification.desktop_notification.win32': Not used on non-Windows systems
[3.063s] INFO:colcon.colcon_notification.desktop_notification:Sending desktop notification using 'notify2'
[3.066s] DEBUG:colcon.colcon_notification.desktop_notification.notify2:Failed to initialize notify2: org.freedesktop.DBus.Error.ServiceUnknown: The name org.freedesktop.Notifications was not provided by any .service files
[3.066s] DEBUG:colcon.colcon_core.event_reactor:joined thread
[3.080s] INFO:colcon.colcon_core.shell:Creating prefix script '/home/aaro/ice_resurfacer_ws/src/install/local_setup.ps1'
[3.081s] INFO:colcon.colcon_core.shell:Creating prefix util module '/home/aaro/ice_resurfacer_ws/src/install/_local_setup_util_ps1.py'
[3.082s] INFO:colcon.colcon_core.shell:Creating prefix chain script '/home/aaro/ice_resurfacer_ws/src/install/setup.ps1'
[3.095s] INFO:colcon.colcon_core.shell:Creating prefix script '/home/aaro/ice_resurfacer_ws/src/install/local_setup.sh'
[3.096s] INFO:colcon.colcon_core.shell:Creating prefix util module '/home/aaro/ice_resurfacer_ws/src/install/_local_setup_util_sh.py'
[3.096s] INFO:colcon.colcon_core.shell:Creating prefix chain script '/home/aaro/ice_resurfacer_ws/src/install/setup.sh'
[3.110s] INFO:colcon.colcon_core.shell:Creating prefix script '/home/aaro/ice_resurfacer_ws/src/install/local_setup.bash'
[3.111s] INFO:colcon.colcon_core.shell:Creating prefix chain script '/home/aaro/ice_resurfacer_ws/src/install/setup.bash'
[3.123s] INFO:colcon.colcon_core.shell:Creating prefix script '/home/aaro/ice_resurfacer_ws/src/install/local_setup.zsh'
[3.124s] INFO:colcon.colcon_core.shell:Creating prefix chain script '/home/aaro/ice_resurfacer_ws/src/install/setup.zsh'
